Microchip MPLAB XC8 Compiler V2.41

Linker command line:

-W-3 \
  --edf=C:\Program Files\Microchip\xc8\v2.41\pic\dat\20230208172133_en.msgs \
  -cn -h+dist/default/production\cont.X.production.sym \
  --cmf=dist/default/production\cont.X.production.cmf -z -Q16F877A \
  -oC:\Users\Cool\AppData\Local\Temp\xcAs60.\driver_tmp_3.o \
  --defsym=__MPLAB_BUILD=1 --fixupoverflow=error \
  -Mdist/default/production/cont.X.production.map \
  --md=C:\Users\Cool\AppData\Local\Temp\xcAs60.\driver_tmp_0.dat -E1 \
  -ver=XC8 Compiler --acfsm=1493 -ACODE=00h-07FFhx4 -ASTRCODE=00h-01FFFh \
  -ASTRING=00h-0FFhx32 -ACONST=00h-0FFhx32 -AENTRY=00h-0FFhx32 \
  -ACOMMON=070h-07Fh -ABANK0=020h-06Fh -ABANK1=0A0h-0EFh \
  -ABANK2=0110h-016Fh -ABANK3=0190h-01EFh \
  -ARAM=020h-06Fh,0A0h-0EFh,0110h-016Fh,0190h-01EFh \
  -AABS1=020h-07Fh,0A0h-0EFh,0110h-016Fh,0190h-01EFh -ASFR0=00h-01Fh \
  -ASFR1=080h-09Fh -ASFR2=0100h-010Fh -ASFR3=0180h-018Fh \
  -ACONFIG=02007h-02007h -DCONFIG=2 -AIDLOC=02000h-02003h -DIDLOC=2 \
  -AEEDATA=00h-0FFh/02100h -peeprom_data=EEDATA -DEEDATA=2 -DCODE=2 \
  -DSTRCODE=2 -DSTRING=2 -DCONST=2 -DENTRY=2 \
  -preset_vec=00h,intentry=04h,init,end_init -ppowerup=CODE -pcinit=CODE \
  -pfunctab=ENTRY -k \
  C:\Users\Cool\AppData\Local\Temp\xcAs60.\driver_tmp_12.o \
  dist/default/production\cont.X.production.o 

Object code version is 3.11

Machine type is 16F877A



                Name                               Link     Load   Length Selector   Space Scale
C:\Users\Cool\AppData\Local\Temp\xcAs60.\driver_tmp_12.o
                end_init                              E        E        3        8       0
                reset_vec                             0        0        3        0       0
                config                             2007     2007        1        0       4
                idloc                              2000     2000        4        0       5
dist/default/production\cont.X.production.o
                cinit                                11       11       19        8       0
                intentry                              4        4        A        8       0
                config                             2007     2007        1        0       4
                idloc                              2000     2000        4        0       5
                text25                             1416     1416       29     282C       0
                text24                             1377     1377       17     26EE       0
                text23                             136B     136B        C     26D6       0
                text22                             13CD     13CD       22     279A       0
                text21                              7EA      7EA       12      FD4       0
                text20                             13AD     13AD       20     275A       0
                text19                              806      806        C     100C       0
                text18                             138E     138E       1F     271C       0
                text17                             14F9     14F9       78     29F2       0
                text16                             13EF     13EF       27     27DE       0
                text15                              812      812       BA     1024       0
                text14                               2A       2A      5B6        8       0
                text13                             1468     1468       36     28D0       0
                text12                              A63      A63      258     14C6       0
                text11                             1571     1571       A4     2AE2       0
                text10                             135B     135B        4     26B6       0
                text9                              135F     135F        4     26BE       0
                text8                               802      802        4     1004       0
                text7                               7FC      7FC        4      FD4       0
                text6                              1615     1615       AE     2C2A       0
                text5                              149E     149E       5B     293C       0
                text4                               5E0      5E0      1CF        8       0
                text3                              143F     143F       29     287E       0
                text2                               CBB      CBB      345     1976       0
                text1                               8CC      8CC      197     1198       0
                maintext                           16C3     16C3      13D     2D86       0
                cstackBANK0                          20       20       39       20       1
                cstackCOMMON                         70       70        5       70       1
                cstackBANK1                          BA       BA        4       A0       1
                clrtext                            1363     1363        8     26C6       0
                bssBANK1                             A0       A0       1A       A0       1
                bssBANK0                             59       59       17       20       1
                bssCOMMON                            75       75        4       70       1
                strings                             7AF      7AF       3B      F5E       0

TOTAL           Name                               Link     Load   Length     Space
        CLASS   CODE           
                end_init                              E        E        3         0
                cinit                                11       11       19         0
                intentry                              4        4        A         0
                reset_vec                             0        0        3         0
                text25                             1416     1416       29         0
                text24                             1377     1377       17         0
                text23                             136B     136B        C         0
                text22                             13CD     13CD       22         0
                text21                              7EA      7EA       12         0
                text20                             13AD     13AD       20         0
                text19                              806      806        C         0
                text18                             138E     138E       1F         0
                text17                             14F9     14F9       78         0
                text16                             13EF     13EF       27         0
                text15                              812      812       BA         0
                text14                               2A       2A      5B6         0
                text13                             1468     1468       36         0
                text12                              A63      A63      258         0
                text11                             1571     1571       A4         0
                text10                             135B     135B        4         0
                text9                              135F     135F        4         0
                text8                               802      802        4         0
                text7                               7FC      7FC        4         0
                text6                              1615     1615       AE         0
                text5                              149E     149E       5B         0
                text4                               5E0      5E0      1CF         0
                text3                              143F     143F       29         0
                text2                               CBB      CBB      345         0
                text1                               8CC      8CC      197         0
                maintext                           16C3     16C3      13D         0
                clrtext                            1363     1363        8         0

        CLASS   STRCODE        

        CLASS   STRING         
                strings                             7AF      7AF       3B         0

        CLASS   CONST          

        CLASS   ENTRY          

        CLASS   COMMON         
                cstackCOMMON                         70       70        5         1
                bssCOMMON                            75       75        4         1

        CLASS   BANK0          
                cstackBANK0                          20       20       39         1
                bssBANK0                             59       59       17         1

        CLASS   BANK1          
                cstackBANK1                          BA       BA        4         1
                bssBANK1                             A0       A0       1A         1

        CLASS   BANK2          

        CLASS   BANK3          

        CLASS   RAM            

        CLASS   ABS1           
                abs_s1                               7E       7E        2         1

        CLASS   SFR0           

        CLASS   SFR1           

        CLASS   SFR2           

        CLASS   SFR3           

        CLASS   CONFIG         
                config                             2007     2007        1         4

        CLASS   IDLOC          
                idloc                              2000     2000        4         5

        CLASS   EEDATA         

        CLASS   STACK          



SEGMENTS        Name                           Load    Length   Top    Selector   Space  Class     Delta

                reset_vec                      000000  000003  000003         0       0  CODE        2
                intentry                       000004  0007AB  0007AF         8       0  CODE        2
                cstackBANK0                    000020  000050  000070        20       1  BANK0       1
                cstackCOMMON                   000070  000009  000079        70       1  COMMON      1
                bssBANK1                       0000A0  00001E  0000BE        A0       1  BANK1       1
                strings                        0007AF  00003B  0007EA       F5E       0  STRING      2
                text21                         0007EA  000016  000800       FD4       0  CODE        2
                text8                          000802  000004  000806      1004       0  CODE        2
                text19                         000806  00000C  000812      100C       0  CODE        2
                text15                         000812  0000BA  0008CC      1024       0  CODE        2
                text1                          0008CC  000197  000A63      1198       0  CODE        2
                text12                         000A63  000258  000CBB      14C6       0  CODE        2
                text2                          000CBB  000345  001000      1976       0  CODE        2
                text10                         00135B  000004  00135F      26B6       0  CODE        2
                text9                          00135F  000004  001363      26BE       0  CODE        2
                clrtext                        001363  000008  00136B      26C6       0  CODE        2
                text23                         00136B  00000C  001377      26D6       0  CODE        2
                text24                         001377  000017  00138E      26EE       0  CODE        2
                text18                         00138E  00001F  0013AD      271C       0  CODE        2
                text20                         0013AD  000020  0013CD      275A       0  CODE        2
                text22                         0013CD  000022  0013EF      279A       0  CODE        2
                text16                         0013EF  000027  001416      27DE       0  CODE        2
                text25                         001416  000029  00143F      282C       0  CODE        2
                text3                          00143F  000029  001468      287E       0  CODE        2
                text13                         001468  000036  00149E      28D0       0  CODE        2
                text5                          00149E  00005B  0014F9      293C       0  CODE        2
                text17                         0014F9  000078  001571      29F2       0  CODE        2
                text11                         001571  0000A4  001615      2AE2       0  CODE        2
                text6                          001615  0000AE  0016C3      2C2A       0  CODE        2
                maintext                       0016C3  00013D  001800      2D86       0  CODE        2


UNUSED ADDRESS RANGES

        Name                Unused          Largest block    Delta
        BANK1            00BE-00EF             32           1
        BANK2            0110-016F             60           1
        BANK3            0190-01EF             60           1
        CODE             0003-0003              1           2
                         0800-0801              2
                         1000-135A            35B
                         1800-1FFF            800
        COMMON           0079-007D              5           1
        CONST            0003-0003              1           2
                         0800-0801              2
                         1000-135A            100
                         1800-1FFF            100
        EEDATA           2100-21FF            100           2
        ENTRY            0003-0003              1           2
                         0800-0801              2
                         1000-135A            100
                         1800-1FFF            100
        RAM              00BE-00EF             32           1
                         0110-016F             60
                         0190-01EF             60
        SFR0             0000-001F             20           1
        SFR1             0080-009F             20           1
        SFR2             0100-010F             10           1
        SFR3             0180-018F             10           1
        STRCODE          0003-0003              1           2
                         0800-0801              2
                         1000-135A            35B
                         1800-1FFF            800
        STRING           0003-0003              1           2
                         0800-0801              2
                         1000-135A            100
                         1800-1FFF            100

                                  Symbol Table

?_Lecture_temperature_ref        cstackBANK0  0044
?__Umul8_16                      cstackBANK0  0020
?___awmod                        cstackBANK0  0044
?___fladd                        cstackBANK0  0020
?___fldiv                        cstackBANK0  0020
?___flmul                        cstackBANK0  0034
?___fltol                        cstackBANK0  003A
?___wmul                         cstackBANK0  0020
?___xxtofl                       cstackBANK0  0026
?_lecture_temperature_mes        cstackBANK0  004E
EEPROM_Read@Address              cstackBANK0  0020
EEPROM_Read@Data                 cstackBANK0  0022
EEPROM_Write@Address             cstackBANK0  0020
EEPROM_Write@Data                cstackBANK0  0022
Lcd_Cmd@Cmd                      cstackBANK0  0021
Lcd_Write_Char@Data              cstackBANK0  0021
Lcd_Write_String@i               cstackBANK0  0023
Lcd_Write_String@num             cstackBANK0  0022
Lcd_Write_String@str             cstackBANK0  0024
_ADCON0                          (abs)        001F
_ADCON1                          (abs)        009F
_ADRESH                          (abs)        001E
_ADRESL                          (abs)        009E
_Address                         bssBANK0     006B
_EEADR                           (abs)        010D
_EECON1bits                      (abs)        018C
_EECON2                          (abs)        018D
_EEDATA                          (abs)        010C
_EEPROM_Read                     text21       07EA
_EEPROM_Write                    text20       13AD
_INTCONbits                      (abs)        000B
_Init_LCD                        text22       13CD
_Lcd_Cmd                         text23       136B
_Lcd_Port                        text24       1377
_Lcd_Write_Char                  text19       0806
_Lcd_Write_String                text18       138E
_Lecture_temperature_ref         text14       002A
_PIE1bits                        (abs)        008C
_PIR1bits                        (abs)        000C
_PORTBbits                       (abs)        0006
_PORTC                           (abs)        0007
_PORTCbits                       (abs)        0007
_PORTD                           (abs)        0008
_PORTE                           (abs)        0009
_PORTEbits                       (abs)        0009
_TRISB                           (abs)        0086
_TRISC                           (abs)        0087
_TRISCbits                       (abs)        0087
_TRISD                           (abs)        0088
_TRISE                           (abs)        0089
__H__absolute__                  __absolute__ 0000
__Habs1                          abs1         0000
__Hbank0                         bank0        0000
__Hbank1                         bank1        0000
__Hbank2                         bank2        0000
__Hbank3                         bank3        0000
__HbssBANK0                      bssBANK0     0000
__HbssBANK1                      bssBANK1     0000
__HbssCOMMON                     bssCOMMON    0000
__Hcinit                         cinit        002A
__Hclrtext                       clrtext      0000
__Hcode                          code         0000
__Hcommon                        common       0000
__Hconfig                        config       2008
__HcstackBANK0                   cstackBANK0  0000
__HcstackBANK1                   cstackBANK1  0000
__HcstackCOMMON                  cstackCOMMON 0000
__Heeprom_data                   eeprom_data  0000
__Hend_init                      end_init     0011
__Hfunctab                       functab      0000
__Hidloc                         idloc        2004
__Hinit                          init         000E
__Hintentry                      intentry     000E
__Hmaintext                      maintext     0000
__Hpowerup                       powerup      0000
__Hram                           ram          0000
__Hreset_vec                     reset_vec    0003
__Hsfr0                          sfr0         0000
__Hsfr1                          sfr1         0000
__Hsfr2                          sfr2         0000
__Hsfr3                          sfr3         0000
__Hspace_0                       (abs)        1800
__Hspace_1                       (abs)        00BE
__Hspace_2                       (abs)        0000
__Hspace_3                       (abs)        0000
__Hspace_4                       (abs)        400F
__Hstack                         stack        0000
__Hstrings                       strings      0000
__Htext                          text         0000
__L__absolute__                  __absolute__ 0000
__Labs1                          abs1         0000
__Lbank0                         bank0        0000
__Lbank1                         bank1        0000
__Lbank2                         bank2        0000
__Lbank3                         bank3        0000
__LbssBANK0                      bssBANK0     0000
__LbssBANK1                      bssBANK1     0000
__LbssCOMMON                     bssCOMMON    0000
__Lcinit                         cinit        0011
__Lclrtext                       clrtext      0000
__Lcode                          code         0000
__Lcommon                        common       0000
__Lconfig                        config       0000
__LcstackBANK0                   cstackBANK0  0000
__LcstackBANK1                   cstackBANK1  0000
__LcstackCOMMON                  cstackCOMMON 0000
__Leeprom_data                   eeprom_data  0000
__Lend_init                      end_init     000E
__Lfunctab                       functab      0000
__Lidloc                         idloc        0000
__Linit                          init         000E
__Lintentry                      intentry     0004
__Lmaintext                      maintext     0000
__Lpowerup                       powerup      0000
__Lram                           ram          0000
__Lreset_vec                     reset_vec    0000
__Lsfr0                          sfr0         0000
__Lsfr1                          sfr1         0000
__Lsfr2                          sfr2         0000
__Lsfr3                          sfr3         0000
__Lspace_0                       (abs)        0000
__Lspace_1                       (abs)        0000
__Lspace_2                       (abs)        0000
__Lspace_3                       (abs)        0000
__Lspace_4                       (abs)        0000
__Lstack                         stack        0000
__Lstrings                       strings      0000
__Ltext                          text         0000
__S0                             (abs)        1800
__S1                             (abs)        00BE
__S3                             (abs)        0000
__Umul8_16                       text3        143F
__Umul8_16@multiplicand          cstackBANK0  0020
__Umul8_16@multiplier            cstackBANK0  0028
__Umul8_16@product               cstackBANK0  0024
__Umul8_16@word_mpld             cstackBANK0  0026
___awmod                         text5        149E
___awmod@counter                 cstackBANK0  0048
___awmod@dividend                cstackBANK0  0046
___awmod@divisor                 cstackBANK0  0044
___awmod@sign                    cstackBANK0  0049
___fladd                         text12       0A63
___fladd@a                       cstackBANK0  0024
___fladd@aexp                    cstackBANK0  0031
___fladd@b                       cstackBANK0  0020
___fladd@bexp                    cstackBANK0  0032
___fladd@grs                     cstackBANK0  0033
___fladd@signs                   cstackBANK0  0030
___fldiv                         text4        05E0
___fldiv@a                       cstackBANK0  0020
___fldiv@aexp                    cstackBANK0  0039
___fldiv@b                       cstackBANK0  0024
___fldiv@bexp                    cstackBANK0  0038
___fldiv@grs                     cstackBANK0  0034
___fldiv@new_exp                 cstackBANK0  0032
___fldiv@rem                     cstackBANK0  002D
___fldiv@sign                    cstackBANK0  0031
___flge                          text11       1571
___flge@ff1                      cstackBANK0  0034
___flge@ff2                      cstackBANK0  0038
___flmul                         text2        0CBB
___flmul@a                       cstackBANK0  0038
___flmul@aexp                    cstackBANK0  0042
___flmul@b                       cstackBANK0  0034
___flmul@bexp                    cstackBANK0  0047
___flmul@grs                     cstackBANK0  0043
___flmul@prod                    cstackBANK0  0048
___flmul@sign                    cstackBANK0  0041
___flmul@temp                    cstackBANK0  004C
___fltol                         text17       14F9
___fltol@exp1                    cstackBANK0  0043
___fltol@f1                      cstackBANK0  003A
___fltol@sign1                   cstackBANK0  0042
___int_sp                        stack        0000
___latbits                       (abs)        0002
___sp                            stack        0000
___stackhi                       (abs)        0000
___stacklo                       (abs)        0000
___wmul                          text16       13EF
___wmul@multiplicand             cstackBANK0  0022
___wmul@multiplier               cstackBANK0  0020
___wmul@product                  cstackBANK0  0024
___xxtofl                        text15       0812
___xxtofl@arg                    cstackBANK0  0030
___xxtofl@exp                    cstackBANK0  002F
___xxtofl@sign                   cstackBANK0  002E
___xxtofl@val                    cstackBANK0  0026
__end_of_EEPROM_Read             text21       07FC
__end_of_EEPROM_Write            text20       13CD
__end_of_Init_LCD                text22       13EF
__end_of_Lcd_Cmd                 text23       1377
__end_of_Lcd_Port                text24       138E
__end_of_Lcd_Write_Char          text19       0812
__end_of_Lcd_Write_String        text18       13AD
__end_of_Lecture_temperature_ref text14       05E0
__end_of__Umul8_16               text3        1468
__end_of___awmod                 text5        14F9
__end_of___fladd                 text12       0CBB
__end_of___fldiv                 text4        07AF
__end_of___flge                  text11       1615
__end_of___flmul                 text2        1000
__end_of___fltol                 text17       1571
__end_of___wmul                  text16       1416
__end_of___xxtofl                text15       08CC
__end_of__initialization         cinit        0026
__end_of__stringtab              strings      07B5
__end_of_buzzer                  text13       149E
__end_of_external                text25       143F
__end_of_hysterisis              text6        16C3
__end_of_lecture_temperature_mes text1        0A63
__end_of_main                    maintext     1800
__end_of_turnCoolingOff          text10       135F
__end_of_turnCoolingOn           text9        1363
__end_of_turnHeatingOff          text8        0806
__end_of_turnHeatingOn           text7        0800
__initialization                 cinit        0011
__pbssBANK0                      bssBANK0     0059
__pbssBANK1                      bssBANK1     00A0
__pbssCOMMON                     bssCOMMON    0075
__pcstackBANK0                   cstackBANK0  0020
__pcstackBANK1                   cstackBANK1  00BA
__pcstackCOMMON                  cstackCOMMON 0070
__pintentry                      intentry     0004
__pmaintext                      maintext     16C3
__pstrings                       strings      07AF
__ptext1                         text1        08CC
__ptext10                        text10       135B
__ptext11                        text11       1571
__ptext12                        text12       0A63
__ptext13                        text13       1468
__ptext14                        text14       002A
__ptext15                        text15       0812
__ptext16                        text16       13EF
__ptext17                        text17       14F9
__ptext18                        text18       138E
__ptext19                        text19       0806
__ptext2                         text2        0CBB
__ptext20                        text20       13AD
__ptext21                        text21       07EA
__ptext22                        text22       13CD
__ptext23                        text23       136B
__ptext24                        text24       1377
__ptext25                        text25       1416
__ptext3                         text3        143F
__ptext4                         text4        05E0
__ptext5                         text5        149E
__ptext6                         text6        1615
__ptext7                         text7        07FC
__ptext8                         text8        0802
__ptext9                         text9        135F
__stringbase                     strings      07B4
__stringtab                      strings      07AF
_a                               bssBANK0     0069
_adc                             bssBANK0     0063
_adc1                            bssBANK1     00A8
_b                               bssBANK1     00B6
_buzzer                          text13       1468
_c                               bssBANK1     00B4
_cooling                         bssBANK1     00B8
_e                               bssBANK0     0067
_external                        text25       1416
_f                               bssBANK0     0065
_heating                         bssBANK0     006D
_hysterisis                      text6        1615
_k                               bssBANK0     006F
_lecture_temperature_mes         text1        08CC
_main                            maintext     16C3
_main$941                        cstackBANK1  00BA
_p                               bssBANK1     00AC
_tab                             bssBANK0     0059
_temperature                     bssBANK0     005F
_temperature_mesure              bssCOMMON    0075
_temperature_reference           bssBANK1     00A0
_temperature_reff                bssBANK1     00A4
_turnCoolingOff                  text10       135B
_turnCoolingOn                   text9        135F
_turnHeatingOff                  text8        0802
_turnHeatingOn                   text7        07FC
btemp                            (abs)        007E
buzzer@p                         cstackBANK0  0022
clear_ram0                       clrtext      1363
end_of_initialization            cinit        0026
hysterisis@M                     cstackBANK0  0044
hysterisis@R                     cstackBANK0  0040
interrupt_function               intentry     0004
intlevel0                        functab      0000
intlevel1                        functab      0000
intlevel2                        functab      0000
intlevel3                        functab      0000
intlevel4                        functab      0000
intlevel5                        functab      0000
reset_vec                        reset_vec    0000
saved_w                          (abs)        007E
start                            init         000E
start_initialization             cinit        0011
wtemp0                           (abs)        007E


MODULE INFORMATION

Module		Function		Class		Link	Load	Size
C:\Program Files\Microchip\xc8\v2.41\pic\sources\c90\common\sprcmul.c
		___flmul       		CODE           	0CBB	0000	837

C:\Program Files\Microchip\xc8\v2.41\pic\sources\c90\common\sprcmul.c estimated size: 837

C:\Program Files\Microchip\xc8\v2.41\pic\sources\c90\common\flge.c
		___flge        		CODE           	1571	0000	164

C:\Program Files\Microchip\xc8\v2.41\pic\sources\c90\common\flge.c estimated size: 164

C:\Program Files\Microchip\xc8\v2.41\pic\sources\c90\common\sprcdiv.c
		___fldiv       		CODE           	05E0	0000	463

C:\Program Files\Microchip\xc8\v2.41\pic\sources\c90\common\sprcdiv.c estimated size: 463

C:\Program Files\Microchip\xc8\v2.41\pic\sources\c90\common\Umul16.c
		___wmul        		CODE           	13EF	0000	39

C:\Program Files\Microchip\xc8\v2.41\pic\sources\c90\common\Umul16.c estimated size: 39

C:\Program Files\Microchip\xc8\v2.41\pic\sources\c90\common\fltol.c
		___fltol       		CODE           	14F9	0000	120

C:\Program Files\Microchip\xc8\v2.41\pic\sources\c90\common\fltol.c estimated size: 120

C:\Program Files\Microchip\xc8\v2.41\pic\sources\c90\common\sprcadd.c
		___fladd       		CODE           	0A63	0000	600

C:\Program Files\Microchip\xc8\v2.41\pic\sources\c90\common\sprcadd.c estimated size: 600

C:\Program Files\Microchip\xc8\v2.41\pic\sources\c90\common\xxtofl.c
		___xxtofl      		CODE           	0812	0000	186

C:\Program Files\Microchip\xc8\v2.41\pic\sources\c90\common\xxtofl.c estimated size: 186

shared
		__stringtab    		STRING         	07AF	0000	6
		__initialization		CODE           	0011	0000	21

shared estimated size: 27

C:\Program Files\Microchip\xc8\v2.41\pic\sources\c90\common\Umul8_16.c
		__Umul8_16     		CODE           	143F	0000	41

C:\Program Files\Microchip\xc8\v2.41\pic\sources\c90\common\Umul8_16.c estimated size: 41

cont.c
		_Lcd_Write_String		CODE           	138E	0000	31
		_Lecture_temperature_ref		CODE           	002A	0000	1462
		_Lcd_Write_Char		CODE           	0806	0000	12
		_turnHeatingOn 		CODE           	07FC	0000	4
		_EEPROM_Read   		CODE           	07EA	0000	18
		_EEPROM_Write  		CODE           	13AD	0000	32
		_Init_LCD      		CODE           	13CD	0000	34
		_main          		CODE           	16C3	0000	317
		_Lcd_Cmd       		CODE           	136B	0000	12
		_turnHeatingOff		CODE           	0802	0000	4
		_turnCoolingOn 		CODE           	135F	0000	4
		_lecture_temperature_mes		CODE           	08CC	0000	407
		_turnCoolingOff		CODE           	135B	0000	4
		_hysterisis    		CODE           	1615	0000	174
		_external      		CODE           	1416	0000	41
		_Lcd_Port      		CODE           	1377	0000	23
		_buzzer        		CODE           	1468	0000	54

cont.c estimated size: 2633

C:\Program Files\Microchip\xc8\v2.41\pic\sources\c90\common\awmod.c
		___awmod       		CODE           	149E	0000	91

C:\Program Files\Microchip\xc8\v2.41\pic\sources\c90\common\awmod.c estimated size: 91

